[2023-11-14T01:07:01.624-0500][gc,init] CardTable entry size: 512
[2023-11-14T01:07:01.624-0500][gc     ] Using G1
[2023-11-14T01:07:01.625-0500][gc,init] Version: 20.0.2+9-78 (release)
[2023-11-14T01:07:01.625-0500][gc,init] CPUs: 8 total, 8 available
[2023-11-14T01:07:01.625-0500][gc,init] Memory: 16384M
[2023-11-14T01:07:01.625-0500][gc,init] Large Page Support: Disabled
[2023-11-14T01:07:01.625-0500][gc,init] NUMA Support: Disabled
[2023-11-14T01:07:01.625-0500][gc,init] Compressed Oops: Enabled (Zero based)
[2023-11-14T01:07:01.625-0500][gc,init] Heap Region Size: 1M
[2023-11-14T01:07:01.625-0500][gc,init] Heap Min Capacity: 1G
[2023-11-14T01:07:01.625-0500][gc,init] Heap Initial Capacity: 1G
[2023-11-14T01:07:01.625-0500][gc,init] Heap Max Capacity: 1G
[2023-11-14T01:07:01.625-0500][gc,init] Pre-touch: Disabled
[2023-11-14T01:07:01.625-0500][gc,init] Parallel Workers: 8
[2023-11-14T01:07:01.625-0500][gc,init] Concurrent Workers: 2
[2023-11-14T01:07:01.625-0500][gc,init] Concurrent Refinement Workers: 8
[2023-11-14T01:07:01.625-0500][gc,init] Periodic GC: Disabled
[2023-11-14T01:07:01.628-0500][gc,metaspace] CDS archive(s) mapped at: [0x0000007000000000-0x0000007000c78000-0x0000007000c78000), size 13074432, SharedBaseAddress: 0x0000007000000000, ArchiveRelocationMode: 1.
[2023-11-14T01:07:01.628-0500][gc,metaspace] Compressed class space mapped at: 0x0000007001000000-0x0000007041000000, reserved size: 1073741824
[2023-11-14T01:07:01.628-0500][gc,metaspace] Narrow klass base: 0x0000007000000000, Narrow klass shift: 0, Narrow klass range: 0x100000000
[2023-11-14T01:07:02.264-0500][gc,start    ] GC(0) Pause Young (Normal) (G1 Evacuation Pause)
[2023-11-14T01:07:02.265-0500][gc,task     ] GC(0) Using 8 workers of 8 for evacuation
[2023-11-14T01:07:02.267-0500][gc,phases   ] GC(0)   Pre Evacuate Collection Set: 0.1ms
[2023-11-14T01:07:02.267-0500][gc,phases   ] GC(0)   Merge Heap Roots: 0.0ms
[2023-11-14T01:07:02.267-0500][gc,phases   ] GC(0)   Evacuate Collection Set: 2.2ms
[2023-11-14T01:07:02.267-0500][gc,phases   ] GC(0)   Post Evacuate Collection Set: 0.2ms
[2023-11-14T01:07:02.267-0500][gc,phases   ] GC(0)   Other: 0.2ms
[2023-11-14T01:07:02.267-0500][gc,heap     ] GC(0) Eden regions: 51->0(44)
[2023-11-14T01:07:02.267-0500][gc,heap     ] GC(0) Survivor regions: 0->7(7)
[2023-11-14T01:07:02.267-0500][gc,heap     ] GC(0) Old regions: 0->1
[2023-11-14T01:07:02.267-0500][gc,heap     ] GC(0) Archive regions: 2->2
[2023-11-14T01:07:02.267-0500][gc,heap     ] GC(0) Humongous regions: 0->0
[2023-11-14T01:07:02.267-0500][gc,metaspace] GC(0) Metaspace: 18157K(18368K)->18157K(18368K) NonClass: 16080K(16192K)->16080K(16192K) Class: 2076K(2176K)->2076K(2176K)
[2023-11-14T01:07:02.267-0500][gc          ] GC(0) Pause Young (Normal) (G1 Evacuation Pause) 51M->8M(1024M) 2.898ms
[2023-11-14T01:07:02.267-0500][gc,cpu      ] GC(0) User=0.01s Sys=0.01s Real=0.00s
[2023-11-14T01:07:02.342-0500][gc,start    ] GC(1) Pause Young (Concurrent Start) (Metadata GC Threshold)
[2023-11-14T01:07:02.342-0500][gc,task     ] GC(1) Using 8 workers of 8 for evacuation
[2023-11-14T01:07:02.344-0500][gc,phases   ] GC(1)   Pre Evacuate Collection Set: 0.1ms
[2023-11-14T01:07:02.344-0500][gc,phases   ] GC(1)   Merge Heap Roots: 0.0ms
[2023-11-14T01:07:02.344-0500][gc,phases   ] GC(1)   Evacuate Collection Set: 2.0ms
[2023-11-14T01:07:02.344-0500][gc,phases   ] GC(1)   Post Evacuate Collection Set: 0.2ms
[2023-11-14T01:07:02.344-0500][gc,phases   ] GC(1)   Other: 0.0ms
[2023-11-14T01:07:02.344-0500][gc,heap     ] GC(1) Eden regions: 12->0(49)
[2023-11-14T01:07:02.344-0500][gc,heap     ] GC(1) Survivor regions: 7->2(7)
[2023-11-14T01:07:02.344-0500][gc,heap     ] GC(1) Old regions: 1->8
[2023-11-14T01:07:02.344-0500][gc,heap     ] GC(1) Archive regions: 2->2
[2023-11-14T01:07:02.344-0500][gc,heap     ] GC(1) Humongous regions: 0->0
[2023-11-14T01:07:02.344-0500][gc,metaspace] GC(1) Metaspace: 21244K(21504K)->21244K(21504K) NonClass: 18772K(18880K)->18772K(18880K) Class: 2471K(2624K)->2471K(2624K)
[2023-11-14T01:07:02.344-0500][gc          ] GC(1) Pause Young (Concurrent Start) (Metadata GC Threshold) 20M->9M(1024M) 2.371ms
[2023-11-14T01:07:02.344-0500][gc,cpu      ] GC(1) User=0.01s Sys=0.00s Real=0.00s
[2023-11-14T01:07:02.344-0500][gc          ] GC(2) Concurrent Mark Cycle
[2023-11-14T01:07:02.344-0500][gc,marking  ] GC(2) Concurrent Scan Root Regions
[2023-11-14T01:07:02.345-0500][gc,marking  ] GC(2) Concurrent Scan Root Regions 1.092ms
[2023-11-14T01:07:02.345-0500][gc,marking  ] GC(2) Concurrent Mark
[2023-11-14T01:07:02.345-0500][gc,marking  ] GC(2) Concurrent Mark From Roots
[2023-11-14T01:07:02.345-0500][gc,task     ] GC(2) Using 2 workers of 2 for marking
[2023-11-14T01:07:02.345-0500][gc,marking  ] GC(2) Concurrent Mark From Roots 0.368ms
[2023-11-14T01:07:02.345-0500][gc,marking  ] GC(2) Concurrent Preclean
[2023-11-14T01:07:02.345-0500][gc,marking  ] GC(2) Concurrent Preclean 0.006ms
[2023-11-14T01:07:02.346-0500][gc,start    ] GC(2) Pause Remark
[2023-11-14T01:07:02.346-0500][gc          ] GC(2) Pause Remark 10M->10M(1024M) 0.759ms
[2023-11-14T01:07:02.346-0500][gc,cpu      ] GC(2) User=0.00s Sys=0.00s Real=0.00s
[2023-11-14T01:07:02.346-0500][gc,marking  ] GC(2) Concurrent Mark 1.241ms
[2023-11-14T01:07:02.346-0500][gc,marking  ] GC(2) Concurrent Rebuild Remembered Sets and Scrub Regions
[2023-11-14T01:07:02.347-0500][gc,marking  ] GC(2) Concurrent Rebuild Remembered Sets and Scrub Regions 0.958ms
[2023-11-14T01:07:02.347-0500][gc,start    ] GC(2) Pause Cleanup
[2023-11-14T01:07:02.347-0500][gc          ] GC(2) Pause Cleanup 10M->10M(1024M) 0.051ms
[2023-11-14T01:07:02.347-0500][gc,cpu      ] GC(2) User=0.00s Sys=0.00s Real=0.00s
[2023-11-14T01:07:02.347-0500][gc,marking  ] GC(2) Concurrent Clear Claimed Marks
[2023-11-14T01:07:02.347-0500][gc,marking  ] GC(2) Concurrent Clear Claimed Marks 0.008ms
[2023-11-14T01:07:02.347-0500][gc,marking  ] GC(2) Concurrent Cleanup for Next Mark
[2023-11-14T01:07:02.349-0500][gc,marking  ] GC(2) Concurrent Cleanup for Next Mark 1.159ms
[2023-11-14T01:07:02.349-0500][gc          ] GC(2) Concurrent Mark Cycle 4.620ms
[2023-11-14T01:07:02.642-0500][gc,start    ] GC(3) Pause Young (Normal) (G1 Evacuation Pause)
[2023-11-14T01:07:02.642-0500][gc,task     ] GC(3) Using 8 workers of 8 for evacuation
[2023-11-14T01:07:02.645-0500][gc,phases   ] GC(3)   Pre Evacuate Collection Set: 0.1ms
[2023-11-14T01:07:02.645-0500][gc,phases   ] GC(3)   Merge Heap Roots: 0.0ms
[2023-11-14T01:07:02.645-0500][gc,phases   ] GC(3)   Evacuate Collection Set: 2.3ms
[2023-11-14T01:07:02.645-0500][gc,phases   ] GC(3)   Post Evacuate Collection Set: 0.2ms
[2023-11-14T01:07:02.645-0500][gc,phases   ] GC(3)   Other: 0.0ms
[2023-11-14T01:07:02.645-0500][gc,heap     ] GC(3) Eden regions: 49->0(44)
[2023-11-14T01:07:02.645-0500][gc,heap     ] GC(3) Survivor regions: 2->7(7)
[2023-11-14T01:07:02.645-0500][gc,heap     ] GC(3) Old regions: 8->8
[2023-11-14T01:07:02.645-0500][gc,heap     ] GC(3) Archive regions: 2->2
[2023-11-14T01:07:02.645-0500][gc,heap     ] GC(3) Humongous regions: 129->129
[2023-11-14T01:07:02.645-0500][gc,metaspace] GC(3) Metaspace: 32909K(33280K)->32909K(33280K) NonClass: 29336K(29568K)->29336K(29568K) Class: 3573K(3712K)->3573K(3712K)
[2023-11-14T01:07:02.645-0500][gc          ] GC(3) Pause Young (Normal) (G1 Evacuation Pause) 187M->144M(1024M) 2.636ms
[2023-11-14T01:07:02.645-0500][gc,cpu      ] GC(3) User=0.01s Sys=0.01s Real=0.00s
[2023-11-14T01:07:02.772-0500][gc,start    ] GC(4) Pause Young (Concurrent Start) (Metadata GC Threshold)
[2023-11-14T01:07:02.772-0500][gc,task     ] GC(4) Using 8 workers of 8 for evacuation
[2023-11-14T01:07:02.774-0500][gc,phases   ] GC(4)   Pre Evacuate Collection Set: 0.2ms
[2023-11-14T01:07:02.774-0500][gc,phases   ] GC(4)   Merge Heap Roots: 0.0ms
[2023-11-14T01:07:02.774-0500][gc,phases   ] GC(4)   Evacuate Collection Set: 2.2ms
[2023-11-14T01:07:02.774-0500][gc,phases   ] GC(4)   Post Evacuate Collection Set: 0.2ms
[2023-11-14T01:07:02.774-0500][gc,phases   ] GC(4)   Other: 0.0ms
[2023-11-14T01:07:02.774-0500][gc,heap     ] GC(4) Eden regions: 13->0(49)
[2023-11-14T01:07:02.774-0500][gc,heap     ] GC(4) Survivor regions: 7->2(7)
[2023-11-14T01:07:02.774-0500][gc,heap     ] GC(4) Old regions: 8->14
[2023-11-14T01:07:02.774-0500][gc,heap     ] GC(4) Archive regions: 2->2
[2023-11-14T01:07:02.774-0500][gc,heap     ] GC(4) Humongous regions: 129->129
[2023-11-14T01:07:02.774-0500][gc,metaspace] GC(4) Metaspace: 35690K(35968K)->35690K(35968K) NonClass: 31722K(31872K)->31722K(31872K) Class: 3967K(4096K)->3967K(4096K)
[2023-11-14T01:07:02.774-0500][gc          ] GC(4) Pause Young (Concurrent Start) (Metadata GC Threshold) 156M->145M(1024M) 2.736ms
[2023-11-14T01:07:02.774-0500][gc          ] GC(5) Concurrent Mark Cycle
[2023-11-14T01:07:02.774-0500][gc,cpu      ] GC(4) User=0.01s Sys=0.01s Real=0.00s
[2023-11-14T01:07:02.774-0500][gc,marking  ] GC(5) Concurrent Scan Root Regions
[2023-11-14T01:07:02.776-0500][gc,marking  ] GC(5) Concurrent Scan Root Regions 1.795ms
[2023-11-14T01:07:02.776-0500][gc,marking  ] GC(5) Concurrent Mark
[2023-11-14T01:07:02.776-0500][gc,marking  ] GC(5) Concurrent Mark From Roots
[2023-11-14T01:07:02.776-0500][gc,task     ] GC(5) Using 2 workers of 2 for marking
[2023-11-14T01:07:02.779-0500][gc,marking  ] GC(5) Concurrent Mark From Roots 2.471ms
[2023-11-14T01:07:02.779-0500][gc,marking  ] GC(5) Concurrent Preclean
[2023-11-14T01:07:02.779-0500][gc,marking  ] GC(5) Concurrent Preclean 0.019ms
[2023-11-14T01:07:02.779-0500][gc,start    ] GC(5) Pause Remark
[2023-11-14T01:07:02.780-0500][gc          ] GC(5) Pause Remark 146M->146M(1024M) 0.881ms
[2023-11-14T01:07:02.780-0500][gc,cpu      ] GC(5) User=0.01s Sys=0.00s Real=0.01s
[2023-11-14T01:07:02.780-0500][gc,marking  ] GC(5) Concurrent Mark 3.523ms
[2023-11-14T01:07:02.780-0500][gc,marking  ] GC(5) Concurrent Rebuild Remembered Sets and Scrub Regions
[2023-11-14T01:07:02.781-0500][gc,marking  ] GC(5) Concurrent Rebuild Remembered Sets and Scrub Regions 1.115ms
[2023-11-14T01:07:02.781-0500][gc,start    ] GC(5) Pause Cleanup
[2023-11-14T01:07:02.781-0500][gc          ] GC(5) Pause Cleanup 146M->146M(1024M) 0.008ms
[2023-11-14T01:07:02.781-0500][gc,cpu      ] GC(5) User=0.00s Sys=0.00s Real=0.00s
[2023-11-14T01:07:02.781-0500][gc,marking  ] GC(5) Concurrent Clear Claimed Marks
[2023-11-14T01:07:02.781-0500][gc,marking  ] GC(5) Concurrent Clear Claimed Marks 0.006ms
[2023-11-14T01:07:02.781-0500][gc,marking  ] GC(5) Concurrent Cleanup for Next Mark
[2023-11-14T01:07:02.782-0500][gc,marking  ] GC(5) Concurrent Cleanup for Next Mark 0.833ms
[2023-11-14T01:07:02.782-0500][gc          ] GC(5) Concurrent Mark Cycle 7.400ms
[2023-11-14T01:11:06.527-0500][gc,start    ] GC(6) Pause Young (Normal) (G1 Evacuation Pause)
[2023-11-14T01:11:06.528-0500][gc,task     ] GC(6) Using 8 workers of 8 for evacuation
[2023-11-14T01:11:06.551-0500][gc,mmu      ] GC(6) MMU target violated: 21.0ms (20.0ms/21.0ms)
[2023-11-14T01:11:06.551-0500][gc,phases   ] GC(6)   Pre Evacuate Collection Set: 0.9ms
[2023-11-14T01:11:06.551-0500][gc,phases   ] GC(6)   Merge Heap Roots: 0.2ms
[2023-11-14T01:11:06.551-0500][gc,phases   ] GC(6)   Evacuate Collection Set: 20.7ms
[2023-11-14T01:11:06.551-0500][gc,phases   ] GC(6)   Post Evacuate Collection Set: 0.6ms
[2023-11-14T01:11:06.551-0500][gc,phases   ] GC(6)   Other: 0.2ms
[2023-11-14T01:11:06.551-0500][gc,heap     ] GC(6) Eden regions: 49->0(46)
[2023-11-14T01:11:06.551-0500][gc,heap     ] GC(6) Survivor regions: 2->5(7)
[2023-11-14T01:11:06.551-0500][gc,heap     ] GC(6) Old regions: 14->14
[2023-11-14T01:11:06.551-0500][gc,heap     ] GC(6) Archive regions: 2->2
[2023-11-14T01:11:06.551-0500][gc,heap     ] GC(6) Humongous regions: 129->129
[2023-11-14T01:11:06.551-0500][gc,metaspace] GC(6) Metaspace: 41311K(41984K)->41311K(41984K) NonClass: 36517K(36928K)->36517K(36928K) Class: 4794K(5056K)->4794K(5056K)
[2023-11-14T01:11:06.551-0500][gc          ] GC(6) Pause Young (Normal) (G1 Evacuation Pause) 194M->148M(1024M) 23.945ms
[2023-11-14T01:11:06.551-0500][gc,cpu      ] GC(6) User=0.02s Sys=0.05s Real=0.03s
