[2023-11-13T23:47:01.246-0500][gc,init] CardTable entry size: 512
[2023-11-13T23:47:01.246-0500][gc     ] Using G1
[2023-11-13T23:47:01.248-0500][gc,init] Version: 20.0.2+9-78 (release)
[2023-11-13T23:47:01.248-0500][gc,init] CPUs: 8 total, 8 available
[2023-11-13T23:47:01.248-0500][gc,init] Memory: 16384M
[2023-11-13T23:47:01.248-0500][gc,init] Large Page Support: Disabled
[2023-11-13T23:47:01.248-0500][gc,init] NUMA Support: Disabled
[2023-11-13T23:47:01.248-0500][gc,init] Compressed Oops: Enabled (Zero based)
[2023-11-13T23:47:01.248-0500][gc,init] Heap Region Size: 1M
[2023-11-13T23:47:01.248-0500][gc,init] Heap Min Capacity: 1G
[2023-11-13T23:47:01.248-0500][gc,init] Heap Initial Capacity: 1G
[2023-11-13T23:47:01.248-0500][gc,init] Heap Max Capacity: 1G
[2023-11-13T23:47:01.248-0500][gc,init] Pre-touch: Disabled
[2023-11-13T23:47:01.248-0500][gc,init] Parallel Workers: 8
[2023-11-13T23:47:01.248-0500][gc,init] Concurrent Workers: 2
[2023-11-13T23:47:01.248-0500][gc,init] Concurrent Refinement Workers: 8
[2023-11-13T23:47:01.248-0500][gc,init] Periodic GC: Disabled
[2023-11-13T23:47:01.251-0500][gc,metaspace] CDS archive(s) mapped at: [0x000000a000000000-0x000000a000c78000-0x000000a000c78000), size 13074432, SharedBaseAddress: 0x000000a000000000, ArchiveRelocationMode: 1.
[2023-11-13T23:47:01.251-0500][gc,metaspace] Compressed class space mapped at: 0x000000a001000000-0x000000a041000000, reserved size: 1073741824
[2023-11-13T23:47:01.251-0500][gc,metaspace] Narrow klass base: 0x000000a000000000, Narrow klass shift: 0, Narrow klass range: 0x100000000
[2023-11-13T23:47:01.723-0500][gc,start    ] GC(0) Pause Young (Normal) (G1 Evacuation Pause)
[2023-11-13T23:47:01.723-0500][gc,task     ] GC(0) Using 8 workers of 8 for evacuation
[2023-11-13T23:47:01.726-0500][gc,phases   ] GC(0)   Pre Evacuate Collection Set: 0.1ms
[2023-11-13T23:47:01.726-0500][gc,phases   ] GC(0)   Merge Heap Roots: 0.0ms
[2023-11-13T23:47:01.726-0500][gc,phases   ] GC(0)   Evacuate Collection Set: 1.9ms
[2023-11-13T23:47:01.726-0500][gc,phases   ] GC(0)   Post Evacuate Collection Set: 0.3ms
[2023-11-13T23:47:01.726-0500][gc,phases   ] GC(0)   Other: 0.2ms
[2023-11-13T23:47:01.726-0500][gc,heap     ] GC(0) Eden regions: 51->0(44)
[2023-11-13T23:47:01.726-0500][gc,heap     ] GC(0) Survivor regions: 0->7(7)
[2023-11-13T23:47:01.726-0500][gc,heap     ] GC(0) Old regions: 0->1
[2023-11-13T23:47:01.726-0500][gc,heap     ] GC(0) Archive regions: 2->2
[2023-11-13T23:47:01.726-0500][gc,heap     ] GC(0) Humongous regions: 0->0
[2023-11-13T23:47:01.726-0500][gc,metaspace] GC(0) Metaspace: 18172K(18432K)->18172K(18432K) NonClass: 16096K(16256K)->16096K(16256K) Class: 2076K(2176K)->2076K(2176K)
[2023-11-13T23:47:01.726-0500][gc          ] GC(0) Pause Young (Normal) (G1 Evacuation Pause) 51M->8M(1024M) 2.601ms
[2023-11-13T23:47:01.726-0500][gc,cpu      ] GC(0) User=0.01s Sys=0.00s Real=0.00s
[2023-11-13T23:47:01.823-0500][gc,start    ] GC(1) Pause Young (Concurrent Start) (Metadata GC Threshold)
[2023-11-13T23:47:01.823-0500][gc,task     ] GC(1) Using 8 workers of 8 for evacuation
[2023-11-13T23:47:01.826-0500][gc,phases   ] GC(1)   Pre Evacuate Collection Set: 0.2ms
[2023-11-13T23:47:01.826-0500][gc,phases   ] GC(1)   Merge Heap Roots: 0.0ms
[2023-11-13T23:47:01.826-0500][gc,phases   ] GC(1)   Evacuate Collection Set: 2.1ms
[2023-11-13T23:47:01.826-0500][gc,phases   ] GC(1)   Post Evacuate Collection Set: 0.2ms
[2023-11-13T23:47:01.826-0500][gc,phases   ] GC(1)   Other: 0.0ms
[2023-11-13T23:47:01.826-0500][gc,heap     ] GC(1) Eden regions: 13->0(50)
[2023-11-13T23:47:01.826-0500][gc,heap     ] GC(1) Survivor regions: 7->1(7)
[2023-11-13T23:47:01.826-0500][gc,heap     ] GC(1) Old regions: 1->8
[2023-11-13T23:47:01.826-0500][gc,heap     ] GC(1) Archive regions: 2->2
[2023-11-13T23:47:01.826-0500][gc,heap     ] GC(1) Humongous regions: 0->0
[2023-11-13T23:47:01.826-0500][gc,metaspace] GC(1) Metaspace: 21273K(21504K)->21273K(21504K) NonClass: 18795K(18880K)->18795K(18880K) Class: 2478K(2624K)->2478K(2624K)
[2023-11-13T23:47:01.826-0500][gc          ] GC(1) Pause Young (Concurrent Start) (Metadata GC Threshold) 20M->9M(1024M) 2.673ms
[2023-11-13T23:47:01.826-0500][gc,cpu      ] GC(1) User=0.02s Sys=0.00s Real=0.00s
[2023-11-13T23:47:01.826-0500][gc          ] GC(2) Concurrent Mark Cycle
[2023-11-13T23:47:01.826-0500][gc,marking  ] GC(2) Concurrent Scan Root Regions
[2023-11-13T23:47:01.827-0500][gc,marking  ] GC(2) Concurrent Scan Root Regions 1.260ms
[2023-11-13T23:47:01.827-0500][gc,marking  ] GC(2) Concurrent Mark
[2023-11-13T23:47:01.827-0500][gc,marking  ] GC(2) Concurrent Mark From Roots
[2023-11-13T23:47:01.827-0500][gc,task     ] GC(2) Using 2 workers of 2 for marking
[2023-11-13T23:47:01.828-0500][gc,marking  ] GC(2) Concurrent Mark From Roots 0.354ms
[2023-11-13T23:47:01.828-0500][gc,marking  ] GC(2) Concurrent Preclean
[2023-11-13T23:47:01.828-0500][gc,marking  ] GC(2) Concurrent Preclean 0.006ms
[2023-11-13T23:47:01.828-0500][gc,start    ] GC(2) Pause Remark
[2023-11-13T23:47:01.829-0500][gc          ] GC(2) Pause Remark 10M->10M(1024M) 0.778ms
[2023-11-13T23:47:01.829-0500][gc,cpu      ] GC(2) User=0.01s Sys=0.00s Real=0.00s
[2023-11-13T23:47:01.829-0500][gc,marking  ] GC(2) Concurrent Mark 1.260ms
[2023-11-13T23:47:01.829-0500][gc,marking  ] GC(2) Concurrent Rebuild Remembered Sets and Scrub Regions
[2023-11-13T23:47:01.830-0500][gc,marking  ] GC(2) Concurrent Rebuild Remembered Sets and Scrub Regions 0.939ms
[2023-11-13T23:47:01.830-0500][gc,start    ] GC(2) Pause Cleanup
[2023-11-13T23:47:01.830-0500][gc          ] GC(2) Pause Cleanup 10M->10M(1024M) 0.039ms
[2023-11-13T23:47:01.830-0500][gc,cpu      ] GC(2) User=0.00s Sys=0.00s Real=0.00s
[2023-11-13T23:47:01.830-0500][gc,marking  ] GC(2) Concurrent Clear Claimed Marks
[2023-11-13T23:47:01.830-0500][gc,marking  ] GC(2) Concurrent Clear Claimed Marks 0.009ms
[2023-11-13T23:47:01.830-0500][gc,marking  ] GC(2) Concurrent Cleanup for Next Mark
[2023-11-13T23:47:01.831-0500][gc,marking  ] GC(2) Concurrent Cleanup for Next Mark 1.083ms
[2023-11-13T23:47:01.831-0500][gc          ] GC(2) Concurrent Mark Cycle 4.702ms
[2023-11-13T23:47:02.109-0500][gc,start    ] GC(3) Pause Young (Normal) (G1 Evacuation Pause)
[2023-11-13T23:47:02.109-0500][gc,task     ] GC(3) Using 8 workers of 8 for evacuation
[2023-11-13T23:47:02.111-0500][gc,phases   ] GC(3)   Pre Evacuate Collection Set: 0.1ms
[2023-11-13T23:47:02.111-0500][gc,phases   ] GC(3)   Merge Heap Roots: 0.0ms
[2023-11-13T23:47:02.111-0500][gc,phases   ] GC(3)   Evacuate Collection Set: 1.8ms
[2023-11-13T23:47:02.111-0500][gc,phases   ] GC(3)   Post Evacuate Collection Set: 0.2ms
[2023-11-13T23:47:02.111-0500][gc,phases   ] GC(3)   Other: 0.0ms
[2023-11-13T23:47:02.111-0500][gc,heap     ] GC(3) Eden regions: 50->0(44)
[2023-11-13T23:47:02.111-0500][gc,heap     ] GC(3) Survivor regions: 1->7(7)
[2023-11-13T23:47:02.111-0500][gc,heap     ] GC(3) Old regions: 8->8
[2023-11-13T23:47:02.111-0500][gc,heap     ] GC(3) Archive regions: 2->2
[2023-11-13T23:47:02.111-0500][gc,heap     ] GC(3) Humongous regions: 129->129
[2023-11-13T23:47:02.111-0500][gc,metaspace] GC(3) Metaspace: 33091K(33344K)->33091K(33344K) NonClass: 29485K(29632K)->29485K(29632K) Class: 3606K(3712K)->3606K(3712K)
[2023-11-13T23:47:02.111-0500][gc          ] GC(3) Pause Young (Normal) (G1 Evacuation Pause) 188M->144M(1024M) 2.245ms
[2023-11-13T23:47:02.111-0500][gc,cpu      ] GC(3) User=0.02s Sys=0.00s Real=0.01s
[2023-11-13T23:47:02.238-0500][gc,start    ] GC(4) Pause Young (Concurrent Start) (Metadata GC Threshold)
[2023-11-13T23:47:02.238-0500][gc,task     ] GC(4) Using 8 workers of 8 for evacuation
[2023-11-13T23:47:02.241-0500][gc,phases   ] GC(4)   Pre Evacuate Collection Set: 0.1ms
[2023-11-13T23:47:02.241-0500][gc,phases   ] GC(4)   Merge Heap Roots: 0.0ms
[2023-11-13T23:47:02.241-0500][gc,phases   ] GC(4)   Evacuate Collection Set: 2.4ms
[2023-11-13T23:47:02.241-0500][gc,phases   ] GC(4)   Post Evacuate Collection Set: 0.2ms
[2023-11-13T23:47:02.241-0500][gc,phases   ] GC(4)   Other: 0.0ms
[2023-11-13T23:47:02.241-0500][gc,heap     ] GC(4) Eden regions: 13->0(49)
[2023-11-13T23:47:02.241-0500][gc,heap     ] GC(4) Survivor regions: 7->2(7)
[2023-11-13T23:47:02.241-0500][gc,heap     ] GC(4) Old regions: 8->15
[2023-11-13T23:47:02.241-0500][gc,heap     ] GC(4) Archive regions: 2->2
[2023-11-13T23:47:02.241-0500][gc,heap     ] GC(4) Humongous regions: 129->129
[2023-11-13T23:47:02.241-0500][gc,metaspace] GC(4) Metaspace: 35792K(36096K)->35792K(36096K) NonClass: 31811K(32000K)->31811K(32000K) Class: 3981K(4096K)->3981K(4096K)
[2023-11-13T23:47:02.241-0500][gc          ] GC(4) Pause Young (Concurrent Start) (Metadata GC Threshold) 156M->145M(1024M) 2.876ms
[2023-11-13T23:47:02.241-0500][gc          ] GC(5) Concurrent Mark Cycle
[2023-11-13T23:47:02.241-0500][gc,cpu      ] GC(4) User=0.02s Sys=0.00s Real=0.01s
[2023-11-13T23:47:02.241-0500][gc,marking  ] GC(5) Concurrent Scan Root Regions
[2023-11-13T23:47:02.243-0500][gc,marking  ] GC(5) Concurrent Scan Root Regions 1.767ms
[2023-11-13T23:47:02.243-0500][gc,marking  ] GC(5) Concurrent Mark
[2023-11-13T23:47:02.243-0500][gc,marking  ] GC(5) Concurrent Mark From Roots
[2023-11-13T23:47:02.243-0500][gc,task     ] GC(5) Using 2 workers of 2 for marking
[2023-11-13T23:47:02.246-0500][gc,marking  ] GC(5) Concurrent Mark From Roots 2.585ms
[2023-11-13T23:47:02.246-0500][gc,marking  ] GC(5) Concurrent Preclean
[2023-11-13T23:47:02.246-0500][gc,marking  ] GC(5) Concurrent Preclean 0.020ms
[2023-11-13T23:47:02.246-0500][gc,start    ] GC(5) Pause Remark
[2023-11-13T23:47:02.247-0500][gc          ] GC(5) Pause Remark 146M->146M(1024M) 0.850ms
[2023-11-13T23:47:02.247-0500][gc,cpu      ] GC(5) User=0.01s Sys=0.00s Real=0.00s
[2023-11-13T23:47:02.247-0500][gc,marking  ] GC(5) Concurrent Mark 3.593ms
[2023-11-13T23:47:02.247-0500][gc,marking  ] GC(5) Concurrent Rebuild Remembered Sets and Scrub Regions
[2023-11-13T23:47:02.249-0500][gc,marking  ] GC(5) Concurrent Rebuild Remembered Sets and Scrub Regions 2.496ms
[2023-11-13T23:47:02.249-0500][gc,start    ] GC(5) Pause Cleanup
[2023-11-13T23:47:02.249-0500][gc          ] GC(5) Pause Cleanup 146M->146M(1024M) 0.075ms
[2023-11-13T23:47:02.249-0500][gc,cpu      ] GC(5) User=0.00s Sys=0.00s Real=0.00s
[2023-11-13T23:47:02.249-0500][gc,marking  ] GC(5) Concurrent Clear Claimed Marks
[2023-11-13T23:47:02.249-0500][gc,marking  ] GC(5) Concurrent Clear Claimed Marks 0.008ms
[2023-11-13T23:47:02.249-0500][gc,marking  ] GC(5) Concurrent Cleanup for Next Mark
[2023-11-13T23:47:02.250-0500][gc,marking  ] GC(5) Concurrent Cleanup for Next Mark 0.803ms
[2023-11-13T23:47:02.250-0500][gc          ] GC(5) Concurrent Mark Cycle 8.962ms
[2023-11-14T00:15:51.648-0500][gc,heap,exit] Heap
[2023-11-14T00:15:51.649-0500][gc,heap,exit]  garbage-first heap   total 1048576K, used 186481K [0x00000007c0000000, 0x0000000800000000)
[2023-11-14T00:15:51.649-0500][gc,heap,exit]   region size 1024K, 39 young (39936K), 2 survivors (2048K)
[2023-11-14T00:15:51.649-0500][gc,heap,exit]  Metaspace       used 38819K, committed 39360K, reserved 1114112K
[2023-11-14T00:15:51.649-0500][gc,heap,exit]   class space    used 4487K, committed 4736K, reserved 1048576K
