[2023-11-13T23:46:43.105-0500][gc,init] CardTable entry size: 512
[2023-11-13T23:46:43.105-0500][gc     ] Using G1
[2023-11-13T23:46:43.106-0500][gc,init] Version: 20.0.2+9-78 (release)
[2023-11-13T23:46:43.106-0500][gc,init] CPUs: 8 total, 8 available
[2023-11-13T23:46:43.106-0500][gc,init] Memory: 16384M
[2023-11-13T23:46:43.106-0500][gc,init] Large Page Support: Disabled
[2023-11-13T23:46:43.106-0500][gc,init] NUMA Support: Disabled
[2023-11-13T23:46:43.106-0500][gc,init] Compressed Oops: Enabled (Zero based)
[2023-11-13T23:46:43.106-0500][gc,init] Heap Region Size: 1M
[2023-11-13T23:46:43.106-0500][gc,init] Heap Min Capacity: 1G
[2023-11-13T23:46:43.106-0500][gc,init] Heap Initial Capacity: 1G
[2023-11-13T23:46:43.106-0500][gc,init] Heap Max Capacity: 1G
[2023-11-13T23:46:43.106-0500][gc,init] Pre-touch: Disabled
[2023-11-13T23:46:43.106-0500][gc,init] Parallel Workers: 8
[2023-11-13T23:46:43.106-0500][gc,init] Concurrent Workers: 2
[2023-11-13T23:46:43.106-0500][gc,init] Concurrent Refinement Workers: 8
[2023-11-13T23:46:43.106-0500][gc,init] Periodic GC: Disabled
[2023-11-13T23:46:43.109-0500][gc,metaspace] CDS archive(s) mapped at: [0x0000007000000000-0x0000007000c78000-0x0000007000c78000), size 13074432, SharedBaseAddress: 0x0000007000000000, ArchiveRelocationMode: 1.
[2023-11-13T23:46:43.109-0500][gc,metaspace] Compressed class space mapped at: 0x0000007001000000-0x0000007041000000, reserved size: 1073741824
[2023-11-13T23:46:43.109-0500][gc,metaspace] Narrow klass base: 0x0000007000000000, Narrow klass shift: 0, Narrow klass range: 0x100000000
[2023-11-13T23:46:43.640-0500][gc,start    ] GC(0) Pause Young (Normal) (G1 Evacuation Pause)
[2023-11-13T23:46:43.640-0500][gc,task     ] GC(0) Using 8 workers of 8 for evacuation
[2023-11-13T23:46:43.643-0500][gc,phases   ] GC(0)   Pre Evacuate Collection Set: 0.2ms
[2023-11-13T23:46:43.643-0500][gc,phases   ] GC(0)   Merge Heap Roots: 0.0ms
[2023-11-13T23:46:43.643-0500][gc,phases   ] GC(0)   Evacuate Collection Set: 1.9ms
[2023-11-13T23:46:43.643-0500][gc,phases   ] GC(0)   Post Evacuate Collection Set: 0.3ms
[2023-11-13T23:46:43.643-0500][gc,phases   ] GC(0)   Other: 0.2ms
[2023-11-13T23:46:43.643-0500][gc,heap     ] GC(0) Eden regions: 51->0(44)
[2023-11-13T23:46:43.643-0500][gc,heap     ] GC(0) Survivor regions: 0->7(7)
[2023-11-13T23:46:43.643-0500][gc,heap     ] GC(0) Old regions: 0->1
[2023-11-13T23:46:43.643-0500][gc,heap     ] GC(0) Archive regions: 2->2
[2023-11-13T23:46:43.643-0500][gc,heap     ] GC(0) Humongous regions: 0->0
[2023-11-13T23:46:43.643-0500][gc,metaspace] GC(0) Metaspace: 18164K(18432K)->18164K(18432K) NonClass: 16090K(16256K)->16090K(16256K) Class: 2074K(2176K)->2074K(2176K)
[2023-11-13T23:46:43.643-0500][gc          ] GC(0) Pause Young (Normal) (G1 Evacuation Pause) 51M->8M(1024M) 2.636ms
[2023-11-13T23:46:43.643-0500][gc,cpu      ] GC(0) User=0.02s Sys=0.00s Real=0.00s
[2023-11-13T23:46:43.724-0500][gc,start    ] GC(1) Pause Young (Concurrent Start) (Metadata GC Threshold)
[2023-11-13T23:46:43.724-0500][gc,task     ] GC(1) Using 8 workers of 8 for evacuation
[2023-11-13T23:46:43.727-0500][gc,phases   ] GC(1)   Pre Evacuate Collection Set: 0.1ms
[2023-11-13T23:46:43.727-0500][gc,phases   ] GC(1)   Merge Heap Roots: 0.0ms
[2023-11-13T23:46:43.727-0500][gc,phases   ] GC(1)   Evacuate Collection Set: 2.0ms
[2023-11-13T23:46:43.727-0500][gc,phases   ] GC(1)   Post Evacuate Collection Set: 0.2ms
[2023-11-13T23:46:43.727-0500][gc,phases   ] GC(1)   Other: 0.0ms
[2023-11-13T23:46:43.727-0500][gc,heap     ] GC(1) Eden regions: 12->0(49)
[2023-11-13T23:46:43.727-0500][gc,heap     ] GC(1) Survivor regions: 7->2(7)
[2023-11-13T23:46:43.727-0500][gc,heap     ] GC(1) Old regions: 1->8
[2023-11-13T23:46:43.727-0500][gc,heap     ] GC(1) Archive regions: 2->2
[2023-11-13T23:46:43.727-0500][gc,heap     ] GC(1) Humongous regions: 0->0
[2023-11-13T23:46:43.727-0500][gc,metaspace] GC(1) Metaspace: 21272K(21504K)->21272K(21504K) NonClass: 18800K(18880K)->18800K(18880K) Class: 2471K(2624K)->2471K(2624K)
[2023-11-13T23:46:43.727-0500][gc          ] GC(1) Pause Young (Concurrent Start) (Metadata GC Threshold) 20M->9M(1024M) 2.397ms
[2023-11-13T23:46:43.727-0500][gc          ] GC(2) Concurrent Mark Cycle
[2023-11-13T23:46:43.727-0500][gc,cpu      ] GC(1) User=0.01s Sys=0.00s Real=0.00s
[2023-11-13T23:46:43.727-0500][gc,marking  ] GC(2) Concurrent Scan Root Regions
[2023-11-13T23:46:43.728-0500][gc,marking  ] GC(2) Concurrent Scan Root Regions 1.178ms
[2023-11-13T23:46:43.728-0500][gc,marking  ] GC(2) Concurrent Mark
[2023-11-13T23:46:43.728-0500][gc,marking  ] GC(2) Concurrent Mark From Roots
[2023-11-13T23:46:43.728-0500][gc,task     ] GC(2) Using 2 workers of 2 for marking
[2023-11-13T23:46:43.728-0500][gc,marking  ] GC(2) Concurrent Mark From Roots 0.331ms
[2023-11-13T23:46:43.728-0500][gc,marking  ] GC(2) Concurrent Preclean
[2023-11-13T23:46:43.728-0500][gc,marking  ] GC(2) Concurrent Preclean 0.005ms
[2023-11-13T23:46:43.728-0500][gc,start    ] GC(2) Pause Remark
[2023-11-13T23:46:43.729-0500][gc          ] GC(2) Pause Remark 10M->10M(1024M) 0.754ms
[2023-11-13T23:46:43.729-0500][gc,cpu      ] GC(2) User=0.00s Sys=0.00s Real=0.00s
[2023-11-13T23:46:43.729-0500][gc,marking  ] GC(2) Concurrent Mark 1.160ms
[2023-11-13T23:46:43.729-0500][gc,marking  ] GC(2) Concurrent Rebuild Remembered Sets and Scrub Regions
[2023-11-13T23:46:43.730-0500][gc,marking  ] GC(2) Concurrent Rebuild Remembered Sets and Scrub Regions 0.890ms
[2023-11-13T23:46:43.730-0500][gc,start    ] GC(2) Pause Cleanup
[2023-11-13T23:46:43.730-0500][gc          ] GC(2) Pause Cleanup 10M->10M(1024M) 0.051ms
[2023-11-13T23:46:43.730-0500][gc,cpu      ] GC(2) User=0.01s Sys=0.00s Real=0.00s
[2023-11-13T23:46:43.730-0500][gc,marking  ] GC(2) Concurrent Clear Claimed Marks
[2023-11-13T23:46:43.730-0500][gc,marking  ] GC(2) Concurrent Clear Claimed Marks 0.007ms
[2023-11-13T23:46:43.730-0500][gc,marking  ] GC(2) Concurrent Cleanup for Next Mark
[2023-11-13T23:46:43.731-0500][gc,marking  ] GC(2) Concurrent Cleanup for Next Mark 1.013ms
[2023-11-13T23:46:43.731-0500][gc          ] GC(2) Concurrent Mark Cycle 4.414ms
[2023-11-13T23:46:44.156-0500][gc,start    ] GC(3) Pause Young (Normal) (G1 Evacuation Pause)
[2023-11-13T23:46:44.156-0500][gc,task     ] GC(3) Using 8 workers of 8 for evacuation
[2023-11-13T23:46:44.157-0500][gc,phases   ] GC(3)   Pre Evacuate Collection Set: 0.1ms
[2023-11-13T23:46:44.157-0500][gc,phases   ] GC(3)   Merge Heap Roots: 0.0ms
[2023-11-13T23:46:44.157-0500][gc,phases   ] GC(3)   Evacuate Collection Set: 1.4ms
[2023-11-13T23:46:44.157-0500][gc,phases   ] GC(3)   Post Evacuate Collection Set: 0.3ms
[2023-11-13T23:46:44.157-0500][gc,phases   ] GC(3)   Other: 0.0ms
[2023-11-13T23:46:44.157-0500][gc,heap     ] GC(3) Eden regions: 49->0(47)
[2023-11-13T23:46:44.157-0500][gc,heap     ] GC(3) Survivor regions: 2->4(7)
[2023-11-13T23:46:44.157-0500][gc,heap     ] GC(3) Old regions: 8->8
[2023-11-13T23:46:44.157-0500][gc,heap     ] GC(3) Archive regions: 2->2
[2023-11-13T23:46:44.157-0500][gc,heap     ] GC(3) Humongous regions: 129->0
[2023-11-13T23:46:44.157-0500][gc,metaspace] GC(3) Metaspace: 31524K(31808K)->31524K(31808K) NonClass: 27941K(28096K)->27941K(28096K) Class: 3583K(3712K)->3583K(3712K)
[2023-11-13T23:46:44.157-0500][gc          ] GC(3) Pause Young (Normal) (G1 Evacuation Pause) 187M->12M(1024M) 1.912ms
[2023-11-13T23:46:44.157-0500][gc,cpu      ] GC(3) User=0.01s Sys=0.00s Real=0.00s
[2023-11-13T23:46:44.158-0500][gc,heap,exit] Heap
[2023-11-13T23:46:44.158-0500][gc,heap,exit]  garbage-first heap   total 1048576K, used 13339K [0x00000007c0000000, 0x0000000800000000)
[2023-11-13T23:46:44.158-0500][gc,heap,exit]   region size 1024K, 5 young (5120K), 4 survivors (4096K)
[2023-11-13T23:46:44.158-0500][gc,heap,exit]  Metaspace       used 31525K, committed 31808K, reserved 1114112K
[2023-11-13T23:46:44.158-0500][gc,heap,exit]   class space    used 3583K, committed 3712K, reserved 1048576K
