[2023-11-13T23:46:36.146-0500][gc,init] CardTable entry size: 512
[2023-11-13T23:46:36.146-0500][gc     ] Using G1
[2023-11-13T23:46:36.146-0500][gc,init] Version: 20.0.2+9-78 (release)
[2023-11-13T23:46:36.146-0500][gc,init] CPUs: 8 total, 8 available
[2023-11-13T23:46:36.146-0500][gc,init] Memory: 16384M
[2023-11-13T23:46:36.146-0500][gc,init] Large Page Support: Disabled
[2023-11-13T23:46:36.146-0500][gc,init] NUMA Support: Disabled
[2023-11-13T23:46:36.146-0500][gc,init] Compressed Oops: Enabled (Zero based)
[2023-11-13T23:46:36.146-0500][gc,init] Heap Region Size: 1M
[2023-11-13T23:46:36.146-0500][gc,init] Heap Min Capacity: 512M
[2023-11-13T23:46:36.146-0500][gc,init] Heap Initial Capacity: 512M
[2023-11-13T23:46:36.146-0500][gc,init] Heap Max Capacity: 512M
[2023-11-13T23:46:36.146-0500][gc,init] Pre-touch: Disabled
[2023-11-13T23:46:36.146-0500][gc,init] Parallel Workers: 8
[2023-11-13T23:46:36.146-0500][gc,init] Concurrent Workers: 2
[2023-11-13T23:46:36.146-0500][gc,init] Concurrent Refinement Workers: 8
[2023-11-13T23:46:36.146-0500][gc,init] Periodic GC: Disabled
[2023-11-13T23:46:36.149-0500][gc,metaspace] CDS archive(s) mapped at: [0x0000007000000000-0x0000007000c78000-0x0000007000c78000), size 13074432, SharedBaseAddress: 0x0000007000000000, ArchiveRelocationMode: 1.
[2023-11-13T23:46:36.149-0500][gc,metaspace] Compressed class space mapped at: 0x0000007001000000-0x0000007041000000, reserved size: 1073741824
[2023-11-13T23:46:36.150-0500][gc,metaspace] Narrow klass base: 0x0000007000000000, Narrow klass shift: 0, Narrow klass range: 0x100000000
[2023-11-13T23:46:36.441-0500][gc,start    ] GC(0) Pause Young (Normal) (G1 Evacuation Pause)
[2023-11-13T23:46:36.442-0500][gc,task     ] GC(0) Using 8 workers of 8 for evacuation
[2023-11-13T23:46:36.444-0500][gc,phases   ] GC(0)   Pre Evacuate Collection Set: 0.1ms
[2023-11-13T23:46:36.444-0500][gc,phases   ] GC(0)   Merge Heap Roots: 0.0ms
[2023-11-13T23:46:36.444-0500][gc,phases   ] GC(0)   Evacuate Collection Set: 1.9ms
[2023-11-13T23:46:36.444-0500][gc,phases   ] GC(0)   Post Evacuate Collection Set: 0.2ms
[2023-11-13T23:46:36.444-0500][gc,phases   ] GC(0)   Other: 0.1ms
[2023-11-13T23:46:36.444-0500][gc,heap     ] GC(0) Eden regions: 25->0(21)
[2023-11-13T23:46:36.444-0500][gc,heap     ] GC(0) Survivor regions: 0->4(4)
[2023-11-13T23:46:36.444-0500][gc,heap     ] GC(0) Old regions: 0->4
[2023-11-13T23:46:36.444-0500][gc,heap     ] GC(0) Archive regions: 2->2
[2023-11-13T23:46:36.444-0500][gc,heap     ] GC(0) Humongous regions: 0->0
[2023-11-13T23:46:36.444-0500][gc,metaspace] GC(0) Metaspace: 8382K(8576K)->8382K(8576K) NonClass: 7477K(7552K)->7477K(7552K) Class: 905K(1024K)->905K(1024K)
[2023-11-13T23:46:36.444-0500][gc          ] GC(0) Pause Young (Normal) (G1 Evacuation Pause) 25M->8M(512M) 2.545ms
[2023-11-13T23:46:36.444-0500][gc,cpu      ] GC(0) User=0.01s Sys=0.00s Real=0.00s
[2023-11-14T00:15:47.834-0500][gc,heap,exit] Heap
[2023-11-14T00:15:47.835-0500][gc,heap,exit]  garbage-first heap   total 524288K, used 15940K [0x00000007e0000000, 0x0000000800000000)
[2023-11-14T00:15:47.835-0500][gc,heap,exit]   region size 1024K, 12 young (12288K), 4 survivors (4096K)
[2023-11-14T00:15:47.835-0500][gc,heap,exit]  Metaspace       used 9160K, committed 9408K, reserved 1114112K
[2023-11-14T00:15:47.835-0500][gc,heap,exit]   class space    used 966K, committed 1088K, reserved 1048576K
