[2023-11-13T22:32:41.049-0500][gc,init] CardTable entry size: 512
[2023-11-13T22:32:41.049-0500][gc     ] Using G1
[2023-11-13T22:32:41.050-0500][gc,init] Version: 20.0.2+9-78 (release)
[2023-11-13T22:32:41.050-0500][gc,init] CPUs: 8 total, 8 available
[2023-11-13T22:32:41.050-0500][gc,init] Memory: 16384M
[2023-11-13T22:32:41.050-0500][gc,init] Large Page Support: Disabled
[2023-11-13T22:32:41.050-0500][gc,init] NUMA Support: Disabled
[2023-11-13T22:32:41.050-0500][gc,init] Compressed Oops: Enabled (Zero based)
[2023-11-13T22:32:41.050-0500][gc,init] Heap Region Size: 1M
[2023-11-13T22:32:41.050-0500][gc,init] Heap Min Capacity: 512M
[2023-11-13T22:32:41.050-0500][gc,init] Heap Initial Capacity: 512M
[2023-11-13T22:32:41.050-0500][gc,init] Heap Max Capacity: 512M
[2023-11-13T22:32:41.050-0500][gc,init] Pre-touch: Disabled
[2023-11-13T22:32:41.050-0500][gc,init] Parallel Workers: 8
[2023-11-13T22:32:41.050-0500][gc,init] Concurrent Workers: 2
[2023-11-13T22:32:41.050-0500][gc,init] Concurrent Refinement Workers: 8
[2023-11-13T22:32:41.050-0500][gc,init] Periodic GC: Disabled
[2023-11-13T22:32:41.053-0500][gc,metaspace] CDS archive(s) mapped at: [0x0000000500000000-0x0000000500c78000-0x0000000500c78000), size 13074432, SharedBaseAddress: 0x0000000500000000, ArchiveRelocationMode: 1.
[2023-11-13T22:32:41.053-0500][gc,metaspace] Compressed class space mapped at: 0x0000000501000000-0x0000000541000000, reserved size: 1073741824
[2023-11-13T22:32:41.053-0500][gc,metaspace] Narrow klass base: 0x0000000500000000, Narrow klass shift: 0, Narrow klass range: 0x100000000
[2023-11-13T22:32:41.877-0500][gc,start    ] GC(0) Pause Young (Normal) (G1 Evacuation Pause)
[2023-11-13T22:32:41.878-0500][gc,task     ] GC(0) Using 8 workers of 8 for evacuation
[2023-11-13T22:32:41.885-0500][gc,phases   ] GC(0)   Pre Evacuate Collection Set: 0.3ms
[2023-11-13T22:32:41.885-0500][gc,phases   ] GC(0)   Merge Heap Roots: 0.1ms
[2023-11-13T22:32:41.885-0500][gc,phases   ] GC(0)   Evacuate Collection Set: 6.0ms
[2023-11-13T22:32:41.885-0500][gc,phases   ] GC(0)   Post Evacuate Collection Set: 0.7ms
[2023-11-13T22:32:41.885-0500][gc,phases   ] GC(0)   Other: 1.1ms
[2023-11-13T22:32:41.885-0500][gc,heap     ] GC(0) Eden regions: 25->0(21)
[2023-11-13T22:32:41.886-0500][gc,heap     ] GC(0) Survivor regions: 0->4(4)
[2023-11-13T22:32:41.886-0500][gc,heap     ] GC(0) Old regions: 0->4
[2023-11-13T22:32:41.886-0500][gc,heap     ] GC(0) Archive regions: 2->2
[2023-11-13T22:32:41.886-0500][gc,heap     ] GC(0) Humongous regions: 0->0
[2023-11-13T22:32:41.886-0500][gc,metaspace] GC(0) Metaspace: 8250K(8512K)->8250K(8512K) NonClass: 7352K(7488K)->7352K(7488K) Class: 898K(1024K)->898K(1024K)
[2023-11-13T22:32:41.886-0500][gc          ] GC(0) Pause Young (Normal) (G1 Evacuation Pause) 25M->8M(512M) 8.772ms
[2023-11-13T22:32:41.886-0500][gc,cpu      ] GC(0) User=0.02s Sys=0.01s Real=0.01s
[2023-11-13T23:01:58.458-0500][gc,heap,exit] Heap
[2023-11-13T23:01:58.458-0500][gc,heap,exit]  garbage-first heap   total 524288K, used 15203K [0x00000007e0000000, 0x0000000800000000)
[2023-11-13T23:01:58.458-0500][gc,heap,exit]   region size 1024K, 11 young (11264K), 4 survivors (4096K)
[2023-11-13T23:01:58.458-0500][gc,heap,exit]  Metaspace       used 9110K, committed 9344K, reserved 1114112K
[2023-11-13T23:01:58.458-0500][gc,heap,exit]   class space    used 965K, committed 1088K, reserved 1048576K
